--- Testing Anime-Skip Stats ---
Stats Success: 44559

--- Testing Anime-Skip Search ('One Piece') ---
